[en.yachiyo-ind.co.jp/index.html]
[backblue.gif]
[fade.gif]
[index.html]
[en.yachiyo-ind.co.jp/assets/css/common2327.css]
[en.yachiyo-ind.co.jp/assets/css/responsive2327.css]
[en.yachiyo-ind.co.jp/assets/webfonts/fontawesome-all.min2327.css]
[en.yachiyo-ind.co.jp/assets/img/favicon-32x32.png]
[en.yachiyo-ind.co.jp/assets/img/favicon-16x16.png]
[en.yachiyo-ind.co.jp/assets/img/favicon-96x96.png]
[en.yachiyo-ind.co.jp/wp/wp-content/plugins/popup-by-supsystic/modules/popup/css/frontend.popup.css]
[en.yachiyo-ind.co.jp/wp/wp-content/plugins/popup-by-supsystic/css/animate.min.css]
[en.yachiyo-ind.co.jp/wp/wp-includes/css/dist/block-library/style.min.css]
[en.yachiyo-ind.co.jp/wp/wp-content/plugins/wp-pagenavi/pagenavi-css.css]
[en.yachiyo-ind.co.jp/wp/wp-content/plugins/smart-slider-3/Public/SmartSlider3/Application/Frontend/Assets/dist/smartslider.min9cff.css]
[en.yachiyo-ind.co.jp/wp/wp-content/plugins/popup-by-supsystic/js/common.min.js]
[en.yachiyo-ind.co.jp/wp/wp-content/plugins/popup-by-supsystic/js/core.min.js]
[en.yachiyo-ind.co.jp/wp/wp-content/plugins/popup-by-supsystic/modules/popup/js/frontend.popup.js]
[en.yachiyo-ind.co.jp/wp-json/wp/v2/pages/8424.json]
[en.yachiyo-ind.co.jp/wp-json/index.html]
[en.yachiyo-ind.co.jp/wp-json/oembed/1.0/embed7c71.json]
[en.yachiyo-ind.co.jp/wp-json/oembed/1.0/embed87d6]
[en.yachiyo-ind.co.jp/assets/js/jquery.easing.min.js]
[en.yachiyo-ind.co.jp/assets/js/jquery.smoothScroll.js]
[en.yachiyo-ind.co.jp/assets/js/jquery.import.js]
[en.yachiyo-ind.co.jp/assets/js/jquery.import.top.js]
[en.yachiyo-ind.co.jp/wp/wp-content/plugins/smart-slider-3/Public/SmartSlider3/Application/Frontend/Assets/dist/n2.min9cff.js]
[en.yachiyo-ind.co.jp/wp/wp-content/plugins/smart-slider-3/Public/SmartSlider3/Application/Frontend/Assets/dist/smartslider-frontend.min9cff.js]
[en.yachiyo-ind.co.jp/wp/wp-content/plugins/smart-slider-3/Public/SmartSlider3/Slider/SliderType/Simple/Assets/dist/ss-simple.min9cff.js]
[en.yachiyo-ind.co.jp/wp/wp-content/plugins/smart-slider-3/Public/SmartSlider3/Widget/Arrow/ArrowImage/Assets/dist/w-arrow-image.min9cff.js]
[en.yachiyo-ind.co.jp/wp/wp-content/plugins/smart-slider-3/Public/SmartSlider3/Widget/Bullet/Assets/dist/w-bullet.min9cff.js]
[en.yachiyo-ind.co.jp/lib/2024/03/Logo_Motherson_Yachiyo.png]
[en.yachiyo-ind.co.jp/pickup.html]
[en.yachiyo-ind.co.jp/news-archives.html]
[en.yachiyo-ind.co.jp/wakako_tsuchida.html]
[en.yachiyo-ind.co.jp/sitemaps.html]
[en.yachiyo-ind.co.jp/profile.html]
[en.yachiyo-ind.co.jp/profile/greeting.html]
[en.yachiyo-ind.co.jp/profile/philosophy.html]
[en.yachiyo-ind.co.jp/profile/vision2030.html]
[en.yachiyo-ind.co.jp/profile/outline.html]
[en.yachiyo-ind.co.jp/profile/history.html]
[en.yachiyo-ind.co.jp/profile/officer.html]
[en.yachiyo-ind.co.jp/profile/orga.html]
[en.yachiyo-ind.co.jp/profile/quality-policy.html]
[en.yachiyo-ind.co.jp/profile/csr.html]
[en.yachiyo-ind.co.jp/profile/buying.html]
[en.yachiyo-ind.co.jp/profile/branch.html]
[en.yachiyo-ind.co.jp/products.html]
[en.yachiyo-ind.co.jp/products/sunroofs.html]
[en.yachiyo-ind.co.jp/products/fueltanks.html]
[en.yachiyo-ind.co.jp/products/plasticproducts.html]
[en.yachiyo-ind.co.jp/products/cfrpproducts.html]
[en.yachiyo-ind.co.jp/products/serviceparts.html]
[en.yachiyo-ind.co.jp/products/drivingsupplementaldevice.html]
[en.yachiyo-ind.co.jp/products/driving-simulator.html]
[en.yachiyo-ind.co.jp/rd.html]
[en.yachiyo-ind.co.jp/rd/policy.html]
[en.yachiyo-ind.co.jp/rd/system.html]
[en.yachiyo-ind.co.jp/rd/location.html]
[en.yachiyo-ind.co.jp/ir.html]
[en.yachiyo-ind.co.jp/ir/highlight.html]
[en.yachiyo-ind.co.jp/ir/stock.html]
[en.yachiyo-ind.co.jp/ir/references.html]
[en.yachiyo-ind.co.jp/lib/slider/cache/c4ab8748a1814ba4bc5d5ff1966e363d/YachiyoEN_gTop-slide-pc24i.png]
[en.yachiyo-ind.co.jp/lib/slider/cache/ab50663294104e5688751387858a1bd0/gTop-slide-pc021.jpg]
[en.yachiyo-ind.co.jp/lib/slider/cache/2e7e232317efccedbd897af9fa3938f6/gTop-slide-pc011.jpg]
[en.yachiyo-ind.co.jp/lib/slider/cache/c89a6258092a959d44f46561824624a1/gTop-slide-pc031.jpg]
[en.yachiyo-ind.co.jp/pdf/2024/press/press_en_240904.pdf]
[en.yachiyo-ind.co.jp/pdf/2024/press/press_240402en.pdf]
[en.yachiyo-ind.co.jp/pdf/2023/press/press_en_231121.pdf]
[en.yachiyo-ind.co.jp/pdf/2023/press/press_en_231016.pdf]
[en.yachiyo-ind.co.jp/pdf/2023/press/press_en_231012.pdf]
[en.yachiyo-ind.co.jp/pdf/2023/ir/rinji20231206.pdf]
[en.yachiyo-ind.co.jp/pdf/2023/ir/rinji20231122.pdf]
[en.yachiyo-ind.co.jp/pdf/2023/ir/press_231113.pdf]
[en.yachiyo-ind.co.jp/pdf/2023/ir/yuka71_2.pdf]
[en.yachiyo-ind.co.jp/pdf/2023/ir/tanshin_71th_2q.pdf]
[en.yachiyo-ind.co.jp/lib/2024/03/bnr-gTop_motherson_YACHIYO.png]
[en.yachiyo-ind.co.jp/lib/2024/03/gTopBtn_Vision2030.jpg]
[en.yachiyo-ind.co.jp/lib/2024/03/gTopBtn_Sunroofs.jpg]
[en.yachiyo-ind.co.jp/lib/2024/03/gTopBtn_FuelTanks.jpg]
[en.yachiyo-ind.co.jp/lib/2024/03/gTopBtn_PlasticProducts.jpg]
[en.yachiyo-ind.co.jp/lib/2024/03/gTopBtn_CFRPProducts.jpg]
[en.yachiyo-ind.co.jp/lib/2024/03/gTopBtn_ServiceParts.jpg]
[en.yachiyo-ind.co.jp/lib/2024/03/gTopBtn_DrivingSupplementalDevice.jpg]
[en.yachiyo-ind.co.jp/lib/2024/03/gTopBtn_DrivingSimulator.jpg]
[en.yachiyo-ind.co.jp/index.html]
[en.yachiyo-ind.co.jp/assets/css/common2327.css]
[en.yachiyo-ind.co.jp/assets/css/responsive2327.css]
[en.yachiyo-ind.co.jp/assets/webfonts/fontawesome-all.min2327.css]
[en.yachiyo-ind.co.jp/wp/wp-content/plugins/popup-by-supsystic/modules/popup/css/frontend.popup.css]
[en.yachiyo-ind.co.jp/wp/wp-content/plugins/popup-by-supsystic/css/animate.min.css]
[en.yachiyo-ind.co.jp/wp/wp-includes/css/dist/block-library/style.min.css]
[en.yachiyo-ind.co.jp/wp/wp-content/plugins/wp-pagenavi/pagenavi-css.css]
[en.yachiyo-ind.co.jp/wp/wp-content/plugins/smart-slider-3/Public/SmartSlider3/Application/Frontend/Assets/dist/smartslider.min9cff.css]
[en.yachiyo-ind.co.jp/contacts/index.html]
[en.yachiyo-ind.co.jp/profile/branch/index.html]
[en.yachiyo-ind.co.jp/pickup.html]
[en.yachiyo-ind.co.jp/news-archives.html]
[en.yachiyo-ind.co.jp/wakako_tsuchida.html]
[en.yachiyo-ind.co.jp/sitemaps.html]
[en.yachiyo-ind.co.jp/profile.html]
[en.yachiyo-ind.co.jp/profile/greeting.html]
[en.yachiyo-ind.co.jp/profile/philosophy.html]
[en.yachiyo-ind.co.jp/profile/vision2030.html]
[en.yachiyo-ind.co.jp/profile/outline.html]
[en.yachiyo-ind.co.jp/profile/history.html]
[en.yachiyo-ind.co.jp/profile/officer.html]
[en.yachiyo-ind.co.jp/profile/orga.html]
[en.yachiyo-ind.co.jp/profile/quality-policy.html]
[en.yachiyo-ind.co.jp/profile/csr.html]
[en.yachiyo-ind.co.jp/profile/buying.html]
[en.yachiyo-ind.co.jp/profile/branch.html]
[en.yachiyo-ind.co.jp/products.html]
[en.yachiyo-ind.co.jp/products/sunroofs.html]
[en.yachiyo-ind.co.jp/products/fueltanks.html]
[en.yachiyo-ind.co.jp/products/plasticproducts.html]
[en.yachiyo-ind.co.jp/products/cfrpproducts.html]
[en.yachiyo-ind.co.jp/products/serviceparts.html]
[en.yachiyo-ind.co.jp/products/drivingsupplementaldevice.html]
[en.yachiyo-ind.co.jp/products/driving-simulator.html]
[en.yachiyo-ind.co.jp/rd.html]
[en.yachiyo-ind.co.jp/rd/policy.html]
[en.yachiyo-ind.co.jp/rd/system.html]
[en.yachiyo-ind.co.jp/rd/location.html]
[en.yachiyo-ind.co.jp/ir.html]
[en.yachiyo-ind.co.jp/ir/highlight.html]
[en.yachiyo-ind.co.jp/ir/stock.html]
[en.yachiyo-ind.co.jp/ir/references.html]
[en.yachiyo-ind.co.jp/assets/img/ico_corp_w.svg]
[en.yachiyo-ind.co.jp/assets/img/ico_product_w.svg]
[en.yachiyo-ind.co.jp/assets/img/ico_rd_w.svg]
[en.yachiyo-ind.co.jp/assets/img/ico_ir_w.svg]
[en.yachiyo-ind.co.jp/assets/img/ico_home_w.svg]
[en.yachiyo-ind.co.jp/posts/index.html]
[en.yachiyo-ind.co.jp/products/sunroofs/index.html]
[en.yachiyo-ind.co.jp/products/fueltanks/index.html]
[en.yachiyo-ind.co.jp/products/plasticproducts/index.html]
[en.yachiyo-ind.co.jp/products/cfrpproducts/index.html]
[en.yachiyo-ind.co.jp/products/serviceparts/index.html]
[en.yachiyo-ind.co.jp/products/drivingsupplementaldevice/index.html]
[en.yachiyo-ind.co.jp/products/driving-simulator/index.html]
[en.yachiyo-ind.co.jp/terms/index.html]
[en.yachiyo-ind.co.jp/privacy/index.html]
[en.yachiyo-ind.co.jp/sitemaps/index.html]
